/home/mortadha/ros2_ws/src/live_experiment/install/live_experiment/lib/python3.10/site-packages/live_experiment/robot.py
/home/mortadha/ros2_ws/src/live_experiment/install/live_experiment/lib/python3.10/site-packages/live_experiment/__init__.py
/home/mortadha/ros2_ws/src/live_experiment/install/live_experiment/lib/python3.10/site-packages/live_experiment/test_robot_sdk.py
/home/mortadha/ros2_ws/src/live_experiment/install/live_experiment/lib/python3.10/site-packages/live_experiment/_live.py
/home/mortadha/ros2_ws/src/live_experiment/install/live_experiment/lib/python3.10/site-packages/live_experiment/live.py
/home/mortadha/ros2_ws/src/live_experiment/install/live_experiment/lib/python3.10/site-packages/live_experiment/_robot.py
/home/mortadha/ros2_ws/src/live_experiment/install/live_experiment/lib/python3.10/site-packages/live_experiment/audio_processing.py
/home/mortadha/ros2_ws/src/live_experiment/install/live_experiment/lib/python3.10/site-packages/live_experiment/__pycache__/robot.cpython-310.pyc
/home/mortadha/ros2_ws/src/live_experiment/install/live_experiment/lib/python3.10/site-packages/live_experiment/__pycache__/__init__.cpython-310.pyc
/home/mortadha/ros2_ws/src/live_experiment/install/live_experiment/lib/python3.10/site-packages/live_experiment/__pycache__/test_robot_sdk.cpython-310.pyc
/home/mortadha/ros2_ws/src/live_experiment/install/live_experiment/lib/python3.10/site-packages/live_experiment/__pycache__/_live.cpython-310.pyc
/home/mortadha/ros2_ws/src/live_experiment/install/live_experiment/lib/python3.10/site-packages/live_experiment/__pycache__/live.cpython-310.pyc
/home/mortadha/ros2_ws/src/live_experiment/install/live_experiment/lib/python3.10/site-packages/live_experiment/__pycache__/_robot.cpython-310.pyc
/home/mortadha/ros2_ws/src/live_experiment/install/live_experiment/lib/python3.10/site-packages/live_experiment/__pycache__/audio_processing.cpython-310.pyc
/home/mortadha/ros2_ws/src/live_experiment/install/live_experiment/share/ament_index/resource_index/packages/live_experiment
/home/mortadha/ros2_ws/src/live_experiment/install/live_experiment/share/live_experiment/package.xml
/home/mortadha/ros2_ws/src/live_experiment/install/live_experiment/lib/python3.10/site-packages/live_experiment-0.0.0-py3.10.egg-info/zip-safe
/home/mortadha/ros2_ws/src/live_experiment/install/live_experiment/lib/python3.10/site-packages/live_experiment-0.0.0-py3.10.egg-info/dependency_links.txt
/home/mortadha/ros2_ws/src/live_experiment/install/live_experiment/lib/python3.10/site-packages/live_experiment-0.0.0-py3.10.egg-info/SOURCES.txt
/home/mortadha/ros2_ws/src/live_experiment/install/live_experiment/lib/python3.10/site-packages/live_experiment-0.0.0-py3.10.egg-info/requires.txt
/home/mortadha/ros2_ws/src/live_experiment/install/live_experiment/lib/python3.10/site-packages/live_experiment-0.0.0-py3.10.egg-info/top_level.txt
/home/mortadha/ros2_ws/src/live_experiment/install/live_experiment/lib/python3.10/site-packages/live_experiment-0.0.0-py3.10.egg-info/entry_points.txt
/home/mortadha/ros2_ws/src/live_experiment/install/live_experiment/lib/python3.10/site-packages/live_experiment-0.0.0-py3.10.egg-info/PKG-INFO
/home/mortadha/ros2_ws/src/live_experiment/install/live_experiment/lib/live_experiment/live
/home/mortadha/ros2_ws/src/live_experiment/install/live_experiment/lib/live_experiment/robot
