[0.066s] [34mcolcon[0m [1;30mDEBUG[0m [32mCommand line arguments: ['/usr/bin/colcon', 'build'][0m
[0.066s] [34mcolcon[0m [1;30mDEBUG[0m [32mParsed command line arguments: Namespace(log_base=None, log_level=None, verb_name='build', build_base='build', install_base='install', merge_install=False, symlink_install=False, test_result_base=None, continue_on_error=False, executor='parallel', parallel_workers=20, event_handlers=None, ignore_user_meta=False, metas=['./colcon.meta'], base_paths=['.'], packages_ignore=None, packages_ignore_regex=None, paths=None, packages_up_to=None, packages_up_to_regex=None, packages_above=None, packages_above_and_dependencies=None, packages_above_depth=None, packages_select_by_dep=None, packages_skip_by_dep=None, packages_skip_up_to=None, packages_select_build_failed=False, packages_skip_build_finished=False, packages_select_test_failures=False, packages_skip_test_passed=False, packages_select=None, packages_skip=None, packages_select_regex=None, packages_skip_regex=None, packages_start=None, packages_end=None, allow_overriding=[], cmake_args=None, cmake_target=None, cmake_target_skip_unavailable=False, cmake_clean_cache=False, cmake_clean_first=False, cmake_force_configure=False, ament_cmake_args=None, catkin_cmake_args=None, catkin_skip_building_tests=False, mixin_files=None, mixin=None, verb_parser=<colcon_mixin.mixin.mixin_argument.MixinArgumentDecorator object at 0x7810f7727400>, verb_extension=<colcon_core.verb.build.BuildVerb object at 0x7810f7858220>, main=<bound method BuildVerb.main of <colcon_core.verb.build.BuildVerb object at 0x7810f7858220>>, mixin_verb=('build',))[0m
[0.181s] [34mcolcon.colcon_core.package_discovery[0m [1;30mLevel 1[0m discover_packages(colcon_meta) check parameters
[0.181s] [34mcolcon.colcon_core.package_discovery[0m [1;30mLevel 1[0m discover_packages(recursive) check parameters
[0.181s] [34mcolcon.colcon_core.package_discovery[0m [1;30mLevel 1[0m discover_packages(ignore) check parameters
[0.181s] [34mcolcon.colcon_core.package_discovery[0m [1;30mLevel 1[0m discover_packages(path) check parameters
[0.181s] [34mcolcon.colcon_core.package_discovery[0m [1;30mLevel 1[0m discover_packages(colcon_meta) discover
[0.181s] [34mcolcon.colcon_core.package_discovery[0m [1;30mLevel 1[0m discover_packages(recursive) discover
[0.181s] [34mcolcon.colcon_core.package_discovery[0m [1;30mINFO[0m Crawling recursively for packages in '/home/mortadha/ros2_ws/src/live_experiment'
[0.181s] [34mcolcon.colcon_core.package_identification[0m [1;30mLevel 1[0m _identify(.) by extensions ['ignore', 'ignore_ament_install']
[0.181s] [34mcolcon.colcon_core.package_identification[0m [1;30mLevel 1[0m _identify(.) by extension 'ignore'
[0.181s] [34mcolcon.colcon_core.package_identification[0m [1;30mLevel 1[0m _identify(.) by extension 'ignore_ament_install'
[0.181s] [34mcolcon.colcon_core.package_identification[0m [1;30mLevel 1[0m _identify(.) by extensions ['colcon_pkg']
[0.181s] [34mcolcon.colcon_core.package_identification[0m [1;30mLevel 1[0m _identify(.) by extension 'colcon_pkg'
[0.181s] [34mcolcon.colcon_core.package_identification[0m [1;30mLevel 1[0m _identify(.) by extensions ['colcon_meta']
[0.181s] [34mcolcon.colcon_core.package_identification[0m [1;30mLevel 1[0m _identify(.) by extension 'colcon_meta'
[0.181s] [34mcolcon.colcon_core.package_identification[0m [1;30mLevel 1[0m _identify(.) by extensions ['ros']
[0.181s] [34mcolcon.colcon_core.package_identification[0m [1;30mLevel 1[0m _identify(.) by extension 'ros'
[0.188s] [34mcolcon.colcon_core.package_identification[0m [1;30mDEBUG[0m [32mPackage '.' with type 'ros.ament_python' and name 'live_experiment'[0m
[0.188s] [34mcolcon.colcon_core.package_discovery[0m [1;30mLevel 1[0m discover_packages(recursive) using defaults
[0.188s] [34mcolcon.colcon_core.package_discovery[0m [1;30mLevel 1[0m discover_packages(ignore) discover
[0.188s] [34mcolcon.colcon_core.package_discovery[0m [1;30mLevel 1[0m discover_packages(ignore) using defaults
[0.188s] [34mcolcon.colcon_core.package_discovery[0m [1;30mLevel 1[0m discover_packages(path) discover
[0.188s] [34mcolcon.colcon_core.package_discovery[0m [1;30mLevel 1[0m discover_packages(path) using defaults
[0.197s] [34mcolcon.colcon_core.package_discovery[0m [1;30mLevel 1[0m discover_packages(prefix_path) check parameters
[0.197s] [34mcolcon.colcon_core.package_discovery[0m [1;30mLevel 1[0m discover_packages(prefix_path) discover
[0.198s] [34mcolcon.colcon_installed_package_information.package_discovery[0m [1;30mDEBUG[0m [32mFound 10 installed packages in /home/mortadha/ros2_ws/install[0m
[0.199s] [34mcolcon.colcon_installed_package_information.package_discovery[0m [1;30mDEBUG[0m [32mFound 270 installed packages in /opt/ros/humble[0m
[0.200s] [34mcolcon.colcon_core.package_discovery[0m [1;30mLevel 1[0m discover_packages(prefix_path) using defaults
[0.222s] [34mcolcon.colcon_core.verb[0m [1;30mLevel 5[0m set package 'live_experiment' build argument 'cmake_args' from command line to 'None'
[0.222s] [34mcolcon.colcon_core.verb[0m [1;30mLevel 5[0m set package 'live_experiment' build argument 'cmake_target' from command line to 'None'
[0.222s] [34mcolcon.colcon_core.verb[0m [1;30mLevel 5[0m set package 'live_experiment' build argument 'cmake_target_skip_unavailable' from command line to 'False'
[0.222s] [34mcolcon.colcon_core.verb[0m [1;30mLevel 5[0m set package 'live_experiment' build argument 'cmake_clean_cache' from command line to 'False'
[0.222s] [34mcolcon.colcon_core.verb[0m [1;30mLevel 5[0m set package 'live_experiment' build argument 'cmake_clean_first' from command line to 'False'
[0.222s] [34mcolcon.colcon_core.verb[0m [1;30mLevel 5[0m set package 'live_experiment' build argument 'cmake_force_configure' from command line to 'False'
[0.222s] [34mcolcon.colcon_core.verb[0m [1;30mLevel 5[0m set package 'live_experiment' build argument 'ament_cmake_args' from command line to 'None'
[0.222s] [34mcolcon.colcon_core.verb[0m [1;30mLevel 5[0m set package 'live_experiment' build argument 'catkin_cmake_args' from command line to 'None'
[0.222s] [34mcolcon.colcon_core.verb[0m [1;30mLevel 5[0m set package 'live_experiment' build argument 'catkin_skip_building_tests' from command line to 'False'
[0.222s] [34mcolcon.colcon_core.verb[0m [1;30mDEBUG[0m [32mBuilding package 'live_experiment' with the following arguments: {'ament_cmake_args': None, 'build_base': '/home/mortadha/ros2_ws/src/live_experiment/build/live_experiment', 'catkin_cmake_args': None, 'catkin_skip_building_tests': False, 'cmake_args': None, 'cmake_clean_cache': False, 'cmake_clean_first': False, 'cmake_force_configure': False, 'cmake_target': None, 'cmake_target_skip_unavailable': False, 'install_base': '/home/mortadha/ros2_ws/src/live_experiment/install/live_experiment', 'merge_install': False, 'path': '/home/mortadha/ros2_ws/src/live_experiment', 'symlink_install': False, 'test_result_base': None}[0m
[0.222s] [34mcolcon.colcon_core.executor[0m [1;30mINFO[0m Executing jobs using 'parallel' executor
[0.223s] [34mcolcon.colcon_parallel_executor.executor.parallel[0m [1;30mDEBUG[0m [32mrun_until_complete[0m
[0.223s] [34mcolcon.colcon_ros.task.ament_python.build[0m [1;30mINFO[0m Building ROS package in '/home/mortadha/ros2_ws/src/live_experiment' with build type 'ament_python'
[0.223s] [34mcolcon.colcon_core.shell[0m [1;30mLevel 1[0m create_environment_hook('live_experiment', 'ament_prefix_path')
[0.225s] [34mcolcon.colcon_core.plugin_system[0m [1;30mINFO[0m Skipping extension 'colcon_core.shell.bat': Not used on non-Windows systems
[0.225s] [34mcolcon.colcon_core.shell[0m [1;30mINFO[0m Creating environment hook '/home/mortadha/ros2_ws/src/live_experiment/install/live_experiment/share/live_experiment/hook/ament_prefix_path.ps1'
[0.225s] [34mcolcon.colcon_core.shell[0m [1;30mINFO[0m Creating environment descriptor '/home/mortadha/ros2_ws/src/live_experiment/install/live_experiment/share/live_experiment/hook/ament_prefix_path.dsv'
[0.225s] [34mcolcon.colcon_core.shell[0m [1;30mINFO[0m Creating environment hook '/home/mortadha/ros2_ws/src/live_experiment/install/live_experiment/share/live_experiment/hook/ament_prefix_path.sh'
[0.225s] [34mcolcon.colcon_core.shell[0m [1;30mINFO[0m Skip shell extension 'powershell' for command environment: Not usable outside of PowerShell
[0.225s] [34mcolcon.colcon_core.shell[0m [1;30mDEBUG[0m [32mSkip shell extension 'dsv' for command environment[0m
[0.395s] [34mcolcon.colcon_core.task.python.build[0m [1;30mINFO[0m Building Python package in '/home/mortadha/ros2_ws/src/live_experiment'
[0.395s] [34mcolcon.colcon_core.shell[0m [1;30mINFO[0m Skip shell extension 'powershell' for command environment: Not usable outside of PowerShell
[0.395s] [34mcolcon.colcon_core.shell[0m [1;30mDEBUG[0m [32mSkip shell extension 'dsv' for command environment[0m
[0.632s] [34mcolcon.colcon_core.event_handler.log_command[0m [1;30mDEBUG[0m [32mInvoking command in '/home/mortadha/ros2_ws/src/live_experiment': PYTHONPATH=/home/mortadha/ros2_ws/src/live_experiment/build/live_experiment/prefix_override:/usr/lib/python3/dist-packages/colcon_core/task/python/colcon_distutils_commands:/home/mortadha/ros2_ws/src/live_experiment/install/live_experiment/lib/python3.10/site-packages:${PYTHONPATH} /usr/bin/python3 -W ignore:setup.py install is deprecated setup.py egg_info --egg-base build/live_experiment build --build-base /home/mortadha/ros2_ws/src/live_experiment/build/live_experiment/build install --record /home/mortadha/ros2_ws/src/live_experiment/build/live_experiment/install.log --single-version-externally-managed install_data[0m
[0.851s] [34mcolcon.colcon_core.event_handler.log_command[0m [1;30mDEBUG[0m [32mInvoked command in '/home/mortadha/ros2_ws/src/live_experiment' returned '0': PYTHONPATH=/home/mortadha/ros2_ws/src/live_experiment/build/live_experiment/prefix_override:/usr/lib/python3/dist-packages/colcon_core/task/python/colcon_distutils_commands:/home/mortadha/ros2_ws/src/live_experiment/install/live_experiment/lib/python3.10/site-packages:${PYTHONPATH} /usr/bin/python3 -W ignore:setup.py install is deprecated setup.py egg_info --egg-base build/live_experiment build --build-base /home/mortadha/ros2_ws/src/live_experiment/build/live_experiment/build install --record /home/mortadha/ros2_ws/src/live_experiment/build/live_experiment/install.log --single-version-externally-managed install_data[0m
[0.853s] [34mcolcon.colcon_core.environment[0m [1;30mLevel 1[0m checking '/home/mortadha/ros2_ws/src/live_experiment/install/live_experiment' for CMake module files
[0.853s] [34mcolcon.colcon_core.environment[0m [1;30mLevel 1[0m checking '/home/mortadha/ros2_ws/src/live_experiment/install/live_experiment' for CMake config files
[0.853s] [34mcolcon.colcon_core.environment[0m [1;30mLevel 1[0m checking '/home/mortadha/ros2_ws/src/live_experiment/install/live_experiment/lib'
[0.853s] [34mcolcon.colcon_core.environment[0m [1;30mLevel 1[0m checking '/home/mortadha/ros2_ws/src/live_experiment/install/live_experiment/bin'
[0.853s] [34mcolcon.colcon_core.environment[0m [1;30mLevel 1[0m checking '/home/mortadha/ros2_ws/src/live_experiment/install/live_experiment/lib/pkgconfig/live_experiment.pc'
[0.854s] [34mcolcon.colcon_core.environment[0m [1;30mLevel 1[0m checking '/home/mortadha/ros2_ws/src/live_experiment/install/live_experiment/lib/python3.10/site-packages'
[0.854s] [34mcolcon.colcon_core.shell[0m [1;30mLevel 1[0m create_environment_hook('live_experiment', 'pythonpath')
[0.854s] [34mcolcon.colcon_core.shell[0m [1;30mINFO[0m Creating environment hook '/home/mortadha/ros2_ws/src/live_experiment/install/live_experiment/share/live_experiment/hook/pythonpath.ps1'
[0.854s] [34mcolcon.colcon_core.shell[0m [1;30mINFO[0m Creating environment descriptor '/home/mortadha/ros2_ws/src/live_experiment/install/live_experiment/share/live_experiment/hook/pythonpath.dsv'
[0.854s] [34mcolcon.colcon_core.shell[0m [1;30mINFO[0m Creating environment hook '/home/mortadha/ros2_ws/src/live_experiment/install/live_experiment/share/live_experiment/hook/pythonpath.sh'
[0.854s] [34mcolcon.colcon_core.environment[0m [1;30mLevel 1[0m checking '/home/mortadha/ros2_ws/src/live_experiment/install/live_experiment/bin'
[0.854s] [34mcolcon.colcon_core.environment[0m [1;30mLevel 1[0m create_environment_scripts_only(live_experiment)
[0.855s] [34mcolcon.colcon_core.shell[0m [1;30mINFO[0m Creating package script '/home/mortadha/ros2_ws/src/live_experiment/install/live_experiment/share/live_experiment/package.ps1'
[0.855s] [34mcolcon.colcon_core.shell[0m [1;30mINFO[0m Creating package descriptor '/home/mortadha/ros2_ws/src/live_experiment/install/live_experiment/share/live_experiment/package.dsv'
[0.855s] [34mcolcon.colcon_core.shell[0m [1;30mINFO[0m Creating package script '/home/mortadha/ros2_ws/src/live_experiment/install/live_experiment/share/live_experiment/package.sh'
[0.856s] [34mcolcon.colcon_core.shell[0m [1;30mINFO[0m Creating package script '/home/mortadha/ros2_ws/src/live_experiment/install/live_experiment/share/live_experiment/package.bash'
[0.856s] [34mcolcon.colcon_core.shell[0m [1;30mINFO[0m Creating package script '/home/mortadha/ros2_ws/src/live_experiment/install/live_experiment/share/live_experiment/package.zsh'
[0.856s] [34mcolcon.colcon_core.environment[0m [1;30mLevel 1[0m create_file_with_runtime_dependencies(/home/mortadha/ros2_ws/src/live_experiment/install/live_experiment/share/colcon-core/packages/live_experiment)
[0.856s] [34mcolcon.colcon_parallel_executor.executor.parallel[0m [1;30mDEBUG[0m [32mclosing loop[0m
[0.856s] [34mcolcon.colcon_parallel_executor.executor.parallel[0m [1;30mDEBUG[0m [32mloop closed[0m
[0.856s] [34mcolcon.colcon_parallel_executor.executor.parallel[0m [1;30mDEBUG[0m [32mrun_until_complete finished with '0'[0m
[0.856s] [34mcolcon.colcon_core.event_reactor[0m [1;30mDEBUG[0m [32mjoining thread[0m
[0.862s] [34mcolcon.colcon_core.plugin_system[0m [1;30mINFO[0m Skipping extension 'colcon_notification.desktop_notification.terminal_notifier': Not used on non-Darwin systems
[0.862s] [34mcolcon.colcon_core.plugin_system[0m [1;30mINFO[0m Skipping extension 'colcon_notification.desktop_notification.win32': Not used on non-Windows systems
[0.862s] [34mcolcon.colcon_notification.desktop_notification[0m [1;30mINFO[0m Sending desktop notification using 'notify2'
[0.870s] [34mcolcon.colcon_core.event_reactor[0m [1;30mDEBUG[0m [32mjoined thread[0m
[0.871s] [34mcolcon.colcon_core.shell[0m [1;30mINFO[0m Creating prefix script '/home/mortadha/ros2_ws/src/live_experiment/install/local_setup.ps1'
[0.871s] [34mcolcon.colcon_core.shell[0m [1;30mINFO[0m Creating prefix util module '/home/mortadha/ros2_ws/src/live_experiment/install/_local_setup_util_ps1.py'
[0.872s] [34mcolcon.colcon_core.shell[0m [1;30mINFO[0m Creating prefix chain script '/home/mortadha/ros2_ws/src/live_experiment/install/setup.ps1'
[0.872s] [34mcolcon.colcon_core.shell[0m [1;30mINFO[0m Creating prefix script '/home/mortadha/ros2_ws/src/live_experiment/install/local_setup.sh'
[0.873s] [34mcolcon.colcon_core.shell[0m [1;30mINFO[0m Creating prefix util module '/home/mortadha/ros2_ws/src/live_experiment/install/_local_setup_util_sh.py'
[0.873s] [34mcolcon.colcon_core.shell[0m [1;30mINFO[0m Creating prefix chain script '/home/mortadha/ros2_ws/src/live_experiment/install/setup.sh'
[0.873s] [34mcolcon.colcon_core.shell[0m [1;30mINFO[0m Creating prefix script '/home/mortadha/ros2_ws/src/live_experiment/install/local_setup.bash'
[0.874s] [34mcolcon.colcon_core.shell[0m [1;30mINFO[0m Creating prefix chain script '/home/mortadha/ros2_ws/src/live_experiment/install/setup.bash'
[0.874s] [34mcolcon.colcon_core.shell[0m [1;30mINFO[0m Creating prefix script '/home/mortadha/ros2_ws/src/live_experiment/install/local_setup.zsh'
[0.874s] [34mcolcon.colcon_core.shell[0m [1;30mINFO[0m Creating prefix chain script '/home/mortadha/ros2_ws/src/live_experiment/install/setup.zsh'
